{"jsoncol1":1,"jsoncol2":2,"jsoncol3":"Some random string"}
{"jsoncol1":3,"jsoncol2":4,"jsoncol3":"Some random string"}
{"jsoncol1":5,"jsoncol2":6,"jsoncol3":"Some random string"}
{"jsoncol1":7,"jsoncol2":8,"jsoncol3":"Some random string"}
{"jsoncol1":9,"jsoncol2":10,"jsoncol3":"Some random string"}
