{"id":1,"value":"Row 1","A string":"A string"}
{"id":2,"value":"Row 2","A string":"A string"}
{"id":3,"value":"Row 3","A string":"A string"}
{"id":4,"value":"Row 4","A string":"A string"}
{"id":5,"value":"Row 5","A string":"A string"}
{"id":6,"value":"Row 6","A string":"A string"}
{"id":7,"value":"Row 7","A string":"A string"}
{"id":8,"value":"Row 8","A string":"A string"}
{"id":9,"value":"Row 9","A string":"A string"}
{"id":10,"value":"Row 10","A string":"A string"}
{"id":11,"value":"Row 11","A string":"A string"}
{"id":12,"value":"Row 12","A string":"A string"}
