{"jsoncol3":"Some random string"}
{"jsoncol3":"Some random string"}
{"jsoncol3":"Some random string"}
{"jsoncol3":"Some random string"}
{"jsoncol3":"Some random string"}
{"jsoncol3":"Some random string"}
{"jsoncol3":"Some random string"}
{"jsoncol3":"Some random string"}
{"jsoncol3":"Some random string"}
{"jsoncol3":"Some random string"}
