{"id":1,"value":"Row 1"}
{"id":2,"value":"Row 2"}
{"id":3,"value":"Row 3"}
{"id":4,"value":"Row 4"}
{"id":5,"value":"Row 5"}
{"id":6,"value":"Row 6"}
{"id":7,"value":"Row 7"}
{"id":8,"value":"Row 8"}
{"id":9,"value":"Row 9"}
{"id":10,"value":"Row 10"}
{"id":11,"value":"Row 11"}
{"id":12,"value":"Row 12"}
