{"col_bigintunsigned":1234567,"col_int":123,"col_intunsigned":123456,"col_mediumint":1717881,"col_mediumintunsigned":16777215,"col_smallint":32767,"col_smallintunsigned":65535,"col_tinyint":127,"col_tinyintunsigned":255,"col_decimal":18,"col_decimalunsigned":57118,"col_numeric":11994255,"col_numericunsigned":9192,"col_float":11991.6,"col_floatunsigned":98798.6,"col_double":1881.881,"col_doubleunsigned":8181818.98798,"col_bool":0,"col_char32":"A string","col_varchar32":"A varchar string","col_null":null}
{"col_bigintunsigned":1234567,"col_int":123,"col_intunsigned":123456,"col_mediumint":1717881,"col_mediumintunsigned":16777215,"col_smallint":32767,"col_smallintunsigned":65535,"col_tinyint":127,"col_tinyintunsigned":255,"col_decimal":18,"col_decimalunsigned":57118,"col_numeric":11994255,"col_numericunsigned":9192,"col_float":11991.6,"col_floatunsigned":98798.6,"col_double":1881.881,"col_doubleunsigned":8181818.98798,"col_bool":0,"col_char32":"A string","col_varchar32":"A varchar string","col_null":null}
{"col_bigintunsigned":1234567,"col_int":123,"col_intunsigned":123456,"col_mediumint":1717881,"col_mediumintunsigned":16777215,"col_smallint":32767,"col_smallintunsigned":65535,"col_tinyint":127,"col_tinyintunsigned":255,"col_decimal":18,"col_decimalunsigned":57118,"col_numeric":11994255,"col_numericunsigned":9192,"col_float":11991.6,"col_floatunsigned":98798.6,"col_double":1881.881,"col_doubleunsigned":8181818.98798,"col_bool":0,"col_char32":"A string","col_varchar32":"A varchar string","col_null":null}
{"col_bigintunsigned":1234567,"col_int":123,"col_intunsigned":123456,"col_mediumint":1717881,"col_mediumintunsigned":16777215,"col_smallint":32767,"col_smallintunsigned":65535,"col_tinyint":127,"col_tinyintunsigned":255,"col_decimal":18,"col_decimalunsigned":57118,"col_numeric":11994255,"col_numericunsigned":9192,"col_float":11991.6,"col_floatunsigned":98798.6,"col_double":1881.881,"col_doubleunsigned":8181818.98798,"col_bool":0,"col_char32":"A string","col_varchar32":"A varchar string","col_null":null}
{"col_bigintunsigned":1234567,"col_int":123,"col_intunsigned":123456,"col_mediumint":1717881,"col_mediumintunsigned":16777215,"col_smallint":32767,"col_smallintunsigned":65535,"col_tinyint":127,"col_tinyintunsigned":255,"col_decimal":18,"col_decimalunsigned":57118,"col_numeric":11994255,"col_numericunsigned":9192,"col_float":11991.6,"col_floatunsigned":98798.6,"col_double":1881.881,"col_doubleunsigned":8181818.98798,"col_bool":0,"col_char32":"A string","col_varchar32":"A varchar string","col_null":null}
{"col_bigintunsigned":1234567,"col_int":123,"col_intunsigned":123456,"col_mediumint":1717881,"col_mediumintunsigned":16777215,"col_smallint":32767,"col_smallintunsigned":65535,"col_tinyint":127,"col_tinyintunsigned":255,"col_decimal":18,"col_decimalunsigned":57118,"col_numeric":11994255,"col_numericunsigned":9192,"col_float":11991.6,"col_floatunsigned":98798.6,"col_double":1881.881,"col_doubleunsigned":8181818.98798,"col_bool":0,"col_char32":"A string","col_varchar32":"A varchar string","col_null":null}
{"col_bigintunsigned":1234567,"col_int":123,"col_intunsigned":123456,"col_mediumint":1717881,"col_mediumintunsigned":16777215,"col_smallint":32767,"col_smallintunsigned":65535,"col_tinyint":127,"col_tinyintunsigned":255,"col_decimal":18,"col_decimalunsigned":57118,"col_numeric":11994255,"col_numericunsigned":9192,"col_float":11991.6,"col_floatunsigned":98798.6,"col_double":1881.881,"col_doubleunsigned":8181818.98798,"col_bool":0,"col_char32":"A string","col_varchar32":"A varchar string","col_null":null}
{"col_bigintunsigned":1234567,"col_int":123,"col_intunsigned":123456,"col_mediumint":1717881,"col_mediumintunsigned":16777215,"col_smallint":32767,"col_smallintunsigned":65535,"col_tinyint":127,"col_tinyintunsigned":255,"col_decimal":18,"col_decimalunsigned":57118,"col_numeric":11994255,"col_numericunsigned":9192,"col_float":11991.6,"col_floatunsigned":98798.6,"col_double":1881.881,"col_doubleunsigned":8181818.98798,"col_bool":0,"col_char32":"A string","col_varchar32":"A varchar string","col_null":null}
{"col_bigintunsigned":1234567,"col_int":123,"col_intunsigned":123456,"col_mediumint":1717881,"col_mediumintunsigned":16777215,"col_smallint":32767,"col_smallintunsigned":65535,"col_tinyint":127,"col_tinyintunsigned":255,"col_decimal":18,"col_decimalunsigned":57118,"col_numeric":11994255,"col_numericunsigned":9192,"col_float":11991.6,"col_floatunsigned":98798.6,"col_double":1881.881,"col_doubleunsigned":8181818.98798,"col_bool":0,"col_char32":"A string","col_varchar32":"A varchar string","col_null":null}
{"col_bigintunsigned":1234567,"col_int":123,"col_intunsigned":123456,"col_mediumint":1717881,"col_mediumintunsigned":16777215,"col_smallint":32767,"col_smallintunsigned":65535,"col_tinyint":127,"col_tinyintunsigned":255,"col_decimal":18,"col_decimalunsigned":57118,"col_numeric":11994255,"col_numericunsigned":9192,"col_float":11991.6,"col_floatunsigned":98798.6,"col_double":1881.881,"col_doubleunsigned":8181818.98798,"col_bool":0,"col_char32":"A string","col_varchar32":"A varchar string","col_null":null}
{"col_bigintunsigned":1234567,"col_int":123,"col_intunsigned":123456,"col_mediumint":1717881,"col_mediumintunsigned":16777215,"col_smallint":32767,"col_smallintunsigned":65535,"col_tinyint":127,"col_tinyintunsigned":255,"col_decimal":18,"col_decimalunsigned":57118,"col_numeric":11994255,"col_numericunsigned":9192,"col_float":11991.6,"col_floatunsigned":98798.6,"col_double":1881.881,"col_doubleunsigned":8181818.98798,"col_bool":0,"col_char32":"A string","col_varchar32":"A varchar string","col_null":null}
{"col_bigintunsigned":1234567,"col_int":123,"col_intunsigned":123456,"col_mediumint":1717881,"col_mediumintunsigned":16777215,"col_smallint":32767,"col_smallintunsigned":65535,"col_tinyint":127,"col_tinyintunsigned":255,"col_decimal":18,"col_decimalunsigned":57118,"col_numeric":11994255,"col_numericunsigned":9192,"col_float":11991.6,"col_floatunsigned":98798.6,"col_double":1881.881,"col_doubleunsigned":8181818.98798,"col_bool":0,"col_char32":"A string","col_varchar32":"A varchar string","col_null":null}
{"col_bigintunsigned":1234567,"col_int":123,"col_intunsigned":123456,"col_mediumint":1717881,"col_mediumintunsigned":16777215,"col_smallint":32767,"col_smallintunsigned":65535,"col_tinyint":127,"col_tinyintunsigned":255,"col_decimal":18,"col_decimalunsigned":57118,"col_numeric":11994255,"col_numericunsigned":9192,"col_float":11991.6,"col_floatunsigned":98798.6,"col_double":1881.881,"col_doubleunsigned":8181818.98798,"col_bool":0,"col_char32":"A string","col_varchar32":"A varchar string","col_null":null}
{"col_bigintunsigned":1234567,"col_int":123,"col_intunsigned":123456,"col_mediumint":1717881,"col_mediumintunsigned":16777215,"col_smallint":32767,"col_smallintunsigned":65535,"col_tinyint":127,"col_tinyintunsigned":255,"col_decimal":18,"col_decimalunsigned":57118,"col_numeric":11994255,"col_numericunsigned":9192,"col_float":11991.6,"col_floatunsigned":98798.6,"col_double":1881.881,"col_doubleunsigned":8181818.98798,"col_bool":0,"col_char32":"A string","col_varchar32":"A varchar string","col_null":null}
{"col_bigintunsigned":1234567,"col_int":123,"col_intunsigned":123456,"col_mediumint":1717881,"col_mediumintunsigned":16777215,"col_smallint":32767,"col_smallintunsigned":65535,"col_tinyint":127,"col_tinyintunsigned":255,"col_decimal":18,"col_decimalunsigned":57118,"col_numeric":11994255,"col_numericunsigned":9192,"col_float":11991.6,"col_floatunsigned":98798.6,"col_double":1881.881,"col_doubleunsigned":8181818.98798,"col_bool":0,"col_char32":"A string","col_varchar32":"A varchar string","col_null":null}
{"col_bigintunsigned":1234567,"col_int":123,"col_intunsigned":123456,"col_mediumint":1717881,"col_mediumintunsigned":16777215,"col_smallint":32767,"col_smallintunsigned":65535,"col_tinyint":127,"col_tinyintunsigned":255,"col_decimal":18,"col_decimalunsigned":57118,"col_numeric":11994255,"col_numericunsigned":9192,"col_float":11991.6,"col_floatunsigned":98798.6,"col_double":1881.881,"col_doubleunsigned":8181818.98798,"col_bool":0,"col_char32":"A string","col_varchar32":"A varchar string","col_null":null}
{"col_bigintunsigned":1234567,"col_int":123,"col_intunsigned":123456,"col_mediumint":1717881,"col_mediumintunsigned":16777215,"col_smallint":32767,"col_smallintunsigned":65535,"col_tinyint":127,"col_tinyintunsigned":255,"col_decimal":18,"col_decimalunsigned":57118,"col_numeric":11994255,"col_numericunsigned":9192,"col_float":11991.6,"col_floatunsigned":98798.6,"col_double":1881.881,"col_doubleunsigned":8181818.98798,"col_bool":0,"col_char32":"A string","col_varchar32":"A varchar string","col_null":null}
{"col_bigintunsigned":1234567,"col_int":123,"col_intunsigned":123456,"col_mediumint":1717881,"col_mediumintunsigned":16777215,"col_smallint":32767,"col_smallintunsigned":65535,"col_tinyint":127,"col_tinyintunsigned":255,"col_decimal":18,"col_decimalunsigned":57118,"col_numeric":11994255,"col_numericunsigned":9192,"col_float":11991.6,"col_floatunsigned":98798.6,"col_double":1881.881,"col_doubleunsigned":8181818.98798,"col_bool":0,"col_char32":"A string","col_varchar32":"A varchar string","col_null":null}
{"col_bigintunsigned":1234567,"col_int":123,"col_intunsigned":123456,"col_mediumint":1717881,"col_mediumintunsigned":16777215,"col_smallint":32767,"col_smallintunsigned":65535,"col_tinyint":127,"col_tinyintunsigned":255,"col_decimal":18,"col_decimalunsigned":57118,"col_numeric":11994255,"col_numericunsigned":9192,"col_float":11991.6,"col_floatunsigned":98798.6,"col_double":1881.881,"col_doubleunsigned":8181818.98798,"col_bool":0,"col_char32":"A string","col_varchar32":"A varchar string","col_null":null}
{"col_bigintunsigned":1234567,"col_int":123,"col_intunsigned":123456,"col_mediumint":1717881,"col_mediumintunsigned":16777215,"col_smallint":32767,"col_smallintunsigned":65535,"col_tinyint":127,"col_tinyintunsigned":255,"col_decimal":18,"col_decimalunsigned":57118,"col_numeric":11994255,"col_numericunsigned":9192,"col_float":11991.6,"col_floatunsigned":98798.6,"col_double":1881.881,"col_doubleunsigned":8181818.98798,"col_bool":0,"col_char32":"A string","col_varchar32":"A varchar string","col_null":null}
{"col_bigintunsigned":1234567,"col_int":123,"col_intunsigned":123456,"col_mediumint":1717881,"col_mediumintunsigned":16777215,"col_smallint":32767,"col_smallintunsigned":65535,"col_tinyint":127,"col_tinyintunsigned":255,"col_decimal":18,"col_decimalunsigned":57118,"col_numeric":11994255,"col_numericunsigned":9192,"col_float":11991.6,"col_floatunsigned":98798.6,"col_double":1881.881,"col_doubleunsigned":8181818.98798,"col_bool":0,"col_char32":"A string","col_varchar32":"A varchar string","col_null":null}
{"col_bigintunsigned":1234567,"col_int":123,"col_intunsigned":123456,"col_mediumint":1717881,"col_mediumintunsigned":16777215,"col_smallint":32767,"col_smallintunsigned":65535,"col_tinyint":127,"col_tinyintunsigned":255,"col_decimal":18,"col_decimalunsigned":57118,"col_numeric":11994255,"col_numericunsigned":9192,"col_float":11991.6,"col_floatunsigned":98798.6,"col_double":1881.881,"col_doubleunsigned":8181818.98798,"col_bool":0,"col_char32":"A string","col_varchar32":"A varchar string","col_null":null}
{"col_bigintunsigned":1234567,"col_int":123,"col_intunsigned":123456,"col_mediumint":1717881,"col_mediumintunsigned":16777215,"col_smallint":32767,"col_smallintunsigned":65535,"col_tinyint":127,"col_tinyintunsigned":255,"col_decimal":18,"col_decimalunsigned":57118,"col_numeric":11994255,"col_numericunsigned":9192,"col_float":11991.6,"col_floatunsigned":98798.6,"col_double":1881.881,"col_doubleunsigned":8181818.98798,"col_bool":0,"col_char32":"A string","col_varchar32":"A varchar string","col_null":null}
{"col_bigintunsigned":1234567,"col_int":123,"col_intunsigned":123456,"col_mediumint":1717881,"col_mediumintunsigned":16777215,"col_smallint":32767,"col_smallintunsigned":65535,"col_tinyint":127,"col_tinyintunsigned":255,"col_decimal":18,"col_decimalunsigned":57118,"col_numeric":11994255,"col_numericunsigned":9192,"col_float":11991.6,"col_floatunsigned":98798.6,"col_double":1881.881,"col_doubleunsigned":8181818.98798,"col_bool":0,"col_char32":"A string","col_varchar32":"A varchar string","col_null":null}
{"col_bigintunsigned":1234567,"col_int":123,"col_intunsigned":123456,"col_mediumint":1717881,"col_mediumintunsigned":16777215,"col_smallint":32767,"col_smallintunsigned":65535,"col_tinyint":127,"col_tinyintunsigned":255,"col_decimal":18,"col_decimalunsigned":57118,"col_numeric":11994255,"col_numericunsigned":9192,"col_float":11991.6,"col_floatunsigned":98798.6,"col_double":1881.881,"col_doubleunsigned":8181818.98798,"col_bool":0,"col_char32":"A string","col_varchar32":"A varchar string","col_null":null}
{"col_bigintunsigned":1234567,"col_int":123,"col_intunsigned":123456,"col_mediumint":1717881,"col_mediumintunsigned":16777215,"col_smallint":32767,"col_smallintunsigned":65535,"col_tinyint":127,"col_tinyintunsigned":255,"col_decimal":18,"col_decimalunsigned":57118,"col_numeric":11994255,"col_numericunsigned":9192,"col_float":11991.6,"col_floatunsigned":98798.6,"col_double":1881.881,"col_doubleunsigned":8181818.98798,"col_bool":0,"col_char32":"A string","col_varchar32":"A varchar string","col_null":null}
{"col_bigintunsigned":1234567,"col_int":123,"col_intunsigned":123456,"col_mediumint":1717881,"col_mediumintunsigned":16777215,"col_smallint":32767,"col_smallintunsigned":65535,"col_tinyint":127,"col_tinyintunsigned":255,"col_decimal":18,"col_decimalunsigned":57118,"col_numeric":11994255,"col_numericunsigned":9192,"col_float":11991.6,"col_floatunsigned":98798.6,"col_double":1881.881,"col_doubleunsigned":8181818.98798,"col_bool":0,"col_char32":"A string","col_varchar32":"A varchar string","col_null":null}
{"col_bigintunsigned":1234567,"col_int":123,"col_intunsigned":123456,"col_mediumint":1717881,"col_mediumintunsigned":16777215,"col_smallint":32767,"col_smallintunsigned":65535,"col_tinyint":127,"col_tinyintunsigned":255,"col_decimal":18,"col_decimalunsigned":57118,"col_numeric":11994255,"col_numericunsigned":9192,"col_float":11991.6,"col_floatunsigned":98798.6,"col_double":1881.881,"col_doubleunsigned":8181818.98798,"col_bool":0,"col_char32":"A string","col_varchar32":"A varchar string","col_null":null}
{"col_bigintunsigned":1234567,"col_int":123,"col_intunsigned":123456,"col_mediumint":1717881,"col_mediumintunsigned":16777215,"col_smallint":32767,"col_smallintunsigned":65535,"col_tinyint":127,"col_tinyintunsigned":255,"col_decimal":18,"col_decimalunsigned":57118,"col_numeric":11994255,"col_numericunsigned":9192,"col_float":11991.6,"col_floatunsigned":98798.6,"col_double":1881.881,"col_doubleunsigned":8181818.98798,"col_bool":0,"col_char32":"A string","col_varchar32":"A varchar string","col_null":null}
{"col_bigintunsigned":1234567,"col_int":123,"col_intunsigned":123456,"col_mediumint":1717881,"col_mediumintunsigned":16777215,"col_smallint":32767,"col_smallintunsigned":65535,"col_tinyint":127,"col_tinyintunsigned":255,"col_decimal":18,"col_decimalunsigned":57118,"col_numeric":11994255,"col_numericunsigned":9192,"col_float":11991.6,"col_floatunsigned":98798.6,"col_double":1881.881,"col_doubleunsigned":8181818.98798,"col_bool":0,"col_char32":"A string","col_varchar32":"A varchar string","col_null":null}
{"col_bigintunsigned":1234567,"col_int":123,"col_intunsigned":123456,"col_mediumint":1717881,"col_mediumintunsigned":16777215,"col_smallint":32767,"col_smallintunsigned":65535,"col_tinyint":127,"col_tinyintunsigned":255,"col_decimal":18,"col_decimalunsigned":57118,"col_numeric":11994255,"col_numericunsigned":9192,"col_float":11991.6,"col_floatunsigned":98798.6,"col_double":1881.881,"col_doubleunsigned":8181818.98798,"col_bool":0,"col_char32":"A string","col_varchar32":"A varchar string","col_null":null}
{"col_bigintunsigned":1234567,"col_int":123,"col_intunsigned":123456,"col_mediumint":1717881,"col_mediumintunsigned":16777215,"col_smallint":32767,"col_smallintunsigned":65535,"col_tinyint":127,"col_tinyintunsigned":255,"col_decimal":18,"col_decimalunsigned":57118,"col_numeric":11994255,"col_numericunsigned":9192,"col_float":11991.6,"col_floatunsigned":98798.6,"col_double":1881.881,"col_doubleunsigned":8181818.98798,"col_bool":0,"col_char32":"A string","col_varchar32":"A varchar string","col_null":null}
{"col_bigintunsigned":1234567,"col_int":123,"col_intunsigned":123456,"col_mediumint":1717881,"col_mediumintunsigned":16777215,"col_smallint":32767,"col_smallintunsigned":65535,"col_tinyint":127,"col_tinyintunsigned":255,"col_decimal":18,"col_decimalunsigned":57118,"col_numeric":11994255,"col_numericunsigned":9192,"col_float":11991.6,"col_floatunsigned":98798.6,"col_double":1881.881,"col_doubleunsigned":8181818.98798,"col_bool":0,"col_char32":"A string","col_varchar32":"A varchar string","col_null":null}
{"col_bigintunsigned":1234567,"col_int":123,"col_intunsigned":123456,"col_mediumint":1717881,"col_mediumintunsigned":16777215,"col_smallint":32767,"col_smallintunsigned":65535,"col_tinyint":127,"col_tinyintunsigned":255,"col_decimal":18,"col_decimalunsigned":57118,"col_numeric":11994255,"col_numericunsigned":9192,"col_float":11991.6,"col_floatunsigned":98798.6,"col_double":1881.881,"col_doubleunsigned":8181818.98798,"col_bool":0,"col_char32":"A string","col_varchar32":"A varchar string","col_null":null}
{"col_bigintunsigned":1234567,"col_int":123,"col_intunsigned":123456,"col_mediumint":1717881,"col_mediumintunsigned":16777215,"col_smallint":32767,"col_smallintunsigned":65535,"col_tinyint":127,"col_tinyintunsigned":255,"col_decimal":18,"col_decimalunsigned":57118,"col_numeric":11994255,"col_numericunsigned":9192,"col_float":11991.6,"col_floatunsigned":98798.6,"col_double":1881.881,"col_doubleunsigned":8181818.98798,"col_bool":0,"col_char32":"A string","col_varchar32":"A varchar string","col_null":null}
{"col_bigintunsigned":1234567,"col_int":123,"col_intunsigned":123456,"col_mediumint":1717881,"col_mediumintunsigned":16777215,"col_smallint":32767,"col_smallintunsigned":65535,"col_tinyint":127,"col_tinyintunsigned":255,"col_decimal":18,"col_decimalunsigned":57118,"col_numeric":11994255,"col_numericunsigned":9192,"col_float":11991.6,"col_floatunsigned":98798.6,"col_double":1881.881,"col_doubleunsigned":8181818.98798,"col_bool":0,"col_char32":"A string","col_varchar32":"A varchar string","col_null":null}
{"col_bigintunsigned":1234567,"col_int":123,"col_intunsigned":123456,"col_mediumint":1717881,"col_mediumintunsigned":16777215,"col_smallint":32767,"col_smallintunsigned":65535,"col_tinyint":127,"col_tinyintunsigned":255,"col_decimal":18,"col_decimalunsigned":57118,"col_numeric":11994255,"col_numericunsigned":9192,"col_float":11991.6,"col_floatunsigned":98798.6,"col_double":1881.881,"col_doubleunsigned":8181818.98798,"col_bool":0,"col_char32":"A string","col_varchar32":"A varchar string","col_null":null}
{"col_bigintunsigned":1234567,"col_int":123,"col_intunsigned":123456,"col_mediumint":1717881,"col_mediumintunsigned":16777215,"col_smallint":32767,"col_smallintunsigned":65535,"col_tinyint":127,"col_tinyintunsigned":255,"col_decimal":18,"col_decimalunsigned":57118,"col_numeric":11994255,"col_numericunsigned":9192,"col_float":11991.6,"col_floatunsigned":98798.6,"col_double":1881.881,"col_doubleunsigned":8181818.98798,"col_bool":0,"col_char32":"A string","col_varchar32":"A varchar string","col_null":null}
{"col_bigintunsigned":1234567,"col_int":123,"col_intunsigned":123456,"col_mediumint":1717881,"col_mediumintunsigned":16777215,"col_smallint":32767,"col_smallintunsigned":65535,"col_tinyint":127,"col_tinyintunsigned":255,"col_decimal":18,"col_decimalunsigned":57118,"col_numeric":11994255,"col_numericunsigned":9192,"col_float":11991.6,"col_floatunsigned":98798.6,"col_double":1881.881,"col_doubleunsigned":8181818.98798,"col_bool":0,"col_char32":"A string","col_varchar32":"A varchar string","col_null":null}
{"col_bigintunsigned":1234567,"col_int":123,"col_intunsigned":123456,"col_mediumint":1717881,"col_mediumintunsigned":16777215,"col_smallint":32767,"col_smallintunsigned":65535,"col_tinyint":127,"col_tinyintunsigned":255,"col_decimal":18,"col_decimalunsigned":57118,"col_numeric":11994255,"col_numericunsigned":9192,"col_float":11991.6,"col_floatunsigned":98798.6,"col_double":1881.881,"col_doubleunsigned":8181818.98798,"col_bool":0,"col_char32":"A string","col_varchar32":"A varchar string","col_null":null}
{"col_bigintunsigned":1234567,"col_int":123,"col_intunsigned":123456,"col_mediumint":1717881,"col_mediumintunsigned":16777215,"col_smallint":32767,"col_smallintunsigned":65535,"col_tinyint":127,"col_tinyintunsigned":255,"col_decimal":18,"col_decimalunsigned":57118,"col_numeric":11994255,"col_numericunsigned":9192,"col_float":11991.6,"col_floatunsigned":98798.6,"col_double":1881.881,"col_doubleunsigned":8181818.98798,"col_bool":0,"col_char32":"A string","col_varchar32":"A varchar string","col_null":null}
{"col_bigintunsigned":1234567,"col_int":123,"col_intunsigned":123456,"col_mediumint":1717881,"col_mediumintunsigned":16777215,"col_smallint":32767,"col_smallintunsigned":65535,"col_tinyint":127,"col_tinyintunsigned":255,"col_decimal":18,"col_decimalunsigned":57118,"col_numeric":11994255,"col_numericunsigned":9192,"col_float":11991.6,"col_floatunsigned":98798.6,"col_double":1881.881,"col_doubleunsigned":8181818.98798,"col_bool":0,"col_char32":"A string","col_varchar32":"A varchar string","col_null":null}
{"col_bigintunsigned":1234567,"col_int":123,"col_intunsigned":123456,"col_mediumint":1717881,"col_mediumintunsigned":16777215,"col_smallint":32767,"col_smallintunsigned":65535,"col_tinyint":127,"col_tinyintunsigned":255,"col_decimal":18,"col_decimalunsigned":57118,"col_numeric":11994255,"col_numericunsigned":9192,"col_float":11991.6,"col_floatunsigned":98798.6,"col_double":1881.881,"col_doubleunsigned":8181818.98798,"col_bool":0,"col_char32":"A string","col_varchar32":"A varchar string","col_null":null}
{"col_bigintunsigned":1234567,"col_int":123,"col_intunsigned":123456,"col_mediumint":1717881,"col_mediumintunsigned":16777215,"col_smallint":32767,"col_smallintunsigned":65535,"col_tinyint":127,"col_tinyintunsigned":255,"col_decimal":18,"col_decimalunsigned":57118,"col_numeric":11994255,"col_numericunsigned":9192,"col_float":11991.6,"col_floatunsigned":98798.6,"col_double":1881.881,"col_doubleunsigned":8181818.98798,"col_bool":0,"col_char32":"A string","col_varchar32":"A varchar string","col_null":null}
{"col_bigintunsigned":1234567,"col_int":123,"col_intunsigned":123456,"col_mediumint":1717881,"col_mediumintunsigned":16777215,"col_smallint":32767,"col_smallintunsigned":65535,"col_tinyint":127,"col_tinyintunsigned":255,"col_decimal":18,"col_decimalunsigned":57118,"col_numeric":11994255,"col_numericunsigned":9192,"col_float":11991.6,"col_floatunsigned":98798.6,"col_double":1881.881,"col_doubleunsigned":8181818.98798,"col_bool":0,"col_char32":"A string","col_varchar32":"A varchar string","col_null":null}
{"col_bigintunsigned":1234567,"col_int":123,"col_intunsigned":123456,"col_mediumint":1717881,"col_mediumintunsigned":16777215,"col_smallint":32767,"col_smallintunsigned":65535,"col_tinyint":127,"col_tinyintunsigned":255,"col_decimal":18,"col_decimalunsigned":57118,"col_numeric":11994255,"col_numericunsigned":9192,"col_float":11991.6,"col_floatunsigned":98798.6,"col_double":1881.881,"col_doubleunsigned":8181818.98798,"col_bool":0,"col_char32":"A string","col_varchar32":"A varchar string","col_null":null}
{"col_bigintunsigned":1234567,"col_int":123,"col_intunsigned":123456,"col_mediumint":1717881,"col_mediumintunsigned":16777215,"col_smallint":32767,"col_smallintunsigned":65535,"col_tinyint":127,"col_tinyintunsigned":255,"col_decimal":18,"col_decimalunsigned":57118,"col_numeric":11994255,"col_numericunsigned":9192,"col_float":11991.6,"col_floatunsigned":98798.6,"col_double":1881.881,"col_doubleunsigned":8181818.98798,"col_bool":0,"col_char32":"A string","col_varchar32":"A varchar string","col_null":null}
{"col_bigintunsigned":1234567,"col_int":123,"col_intunsigned":123456,"col_mediumint":1717881,"col_mediumintunsigned":16777215,"col_smallint":32767,"col_smallintunsigned":65535,"col_tinyint":127,"col_tinyintunsigned":255,"col_decimal":18,"col_decimalunsigned":57118,"col_numeric":11994255,"col_numericunsigned":9192,"col_float":11991.6,"col_floatunsigned":98798.6,"col_double":1881.881,"col_doubleunsigned":8181818.98798,"col_bool":0,"col_char32":"A string","col_varchar32":"A varchar string","col_null":null}
{"col_bigintunsigned":1234567,"col_int":123,"col_intunsigned":123456,"col_mediumint":1717881,"col_mediumintunsigned":16777215,"col_smallint":32767,"col_smallintunsigned":65535,"col_tinyint":127,"col_tinyintunsigned":255,"col_decimal":18,"col_decimalunsigned":57118,"col_numeric":11994255,"col_numericunsigned":9192,"col_float":11991.6,"col_floatunsigned":98798.6,"col_double":1881.881,"col_doubleunsigned":8181818.98798,"col_bool":0,"col_char32":"A string","col_varchar32":"A varchar string","col_null":null}
{"col_bigintunsigned":1234567,"col_int":123,"col_intunsigned":123456,"col_mediumint":1717881,"col_mediumintunsigned":16777215,"col_smallint":32767,"col_smallintunsigned":65535,"col_tinyint":127,"col_tinyintunsigned":255,"col_decimal":18,"col_decimalunsigned":57118,"col_numeric":11994255,"col_numericunsigned":9192,"col_float":11991.6,"col_floatunsigned":98798.6,"col_double":1881.881,"col_doubleunsigned":8181818.98798,"col_bool":0,"col_char32":"A string","col_varchar32":"A varchar string","col_null":null}
{"col_bigintunsigned":1234567,"col_int":123,"col_intunsigned":123456,"col_mediumint":1717881,"col_mediumintunsigned":16777215,"col_smallint":32767,"col_smallintunsigned":65535,"col_tinyint":127,"col_tinyintunsigned":255,"col_decimal":18,"col_decimalunsigned":57118,"col_numeric":11994255,"col_numericunsigned":9192,"col_float":11991.6,"col_floatunsigned":98798.6,"col_double":1881.881,"col_doubleunsigned":8181818.98798,"col_bool":0,"col_char32":"A string","col_varchar32":"A varchar string","col_null":null}
{"col_bigintunsigned":1234567,"col_int":123,"col_intunsigned":123456,"col_mediumint":1717881,"col_mediumintunsigned":16777215,"col_smallint":32767,"col_smallintunsigned":65535,"col_tinyint":127,"col_tinyintunsigned":255,"col_decimal":18,"col_decimalunsigned":57118,"col_numeric":11994255,"col_numericunsigned":9192,"col_float":11991.6,"col_floatunsigned":98798.6,"col_double":1881.881,"col_doubleunsigned":8181818.98798,"col_bool":0,"col_char32":"A string","col_varchar32":"A varchar string","col_null":null}
{"col_bigintunsigned":1234567,"col_int":123,"col_intunsigned":123456,"col_mediumint":1717881,"col_mediumintunsigned":16777215,"col_smallint":32767,"col_smallintunsigned":65535,"col_tinyint":127,"col_tinyintunsigned":255,"col_decimal":18,"col_decimalunsigned":57118,"col_numeric":11994255,"col_numericunsigned":9192,"col_float":11991.6,"col_floatunsigned":98798.6,"col_double":1881.881,"col_doubleunsigned":8181818.98798,"col_bool":0,"col_char32":"A string","col_varchar32":"A varchar string","col_null":null}
{"col_bigintunsigned":1234567,"col_int":123,"col_intunsigned":123456,"col_mediumint":1717881,"col_mediumintunsigned":16777215,"col_smallint":32767,"col_smallintunsigned":65535,"col_tinyint":127,"col_tinyintunsigned":255,"col_decimal":18,"col_decimalunsigned":57118,"col_numeric":11994255,"col_numericunsigned":9192,"col_float":11991.6,"col_floatunsigned":98798.6,"col_double":1881.881,"col_doubleunsigned":8181818.98798,"col_bool":0,"col_char32":"A string","col_varchar32":"A varchar string","col_null":null}
{"col_bigintunsigned":1234567,"col_int":123,"col_intunsigned":123456,"col_mediumint":1717881,"col_mediumintunsigned":16777215,"col_smallint":32767,"col_smallintunsigned":65535,"col_tinyint":127,"col_tinyintunsigned":255,"col_decimal":18,"col_decimalunsigned":57118,"col_numeric":11994255,"col_numericunsigned":9192,"col_float":11991.6,"col_floatunsigned":98798.6,"col_double":1881.881,"col_doubleunsigned":8181818.98798,"col_bool":0,"col_char32":"A string","col_varchar32":"A varchar string","col_null":null}
{"col_bigintunsigned":1234567,"col_int":123,"col_intunsigned":123456,"col_mediumint":1717881,"col_mediumintunsigned":16777215,"col_smallint":32767,"col_smallintunsigned":65535,"col_tinyint":127,"col_tinyintunsigned":255,"col_decimal":18,"col_decimalunsigned":57118,"col_numeric":11994255,"col_numericunsigned":9192,"col_float":11991.6,"col_floatunsigned":98798.6,"col_double":1881.881,"col_doubleunsigned":8181818.98798,"col_bool":0,"col_char32":"A string","col_varchar32":"A varchar string","col_null":null}
{"col_bigintunsigned":1234567,"col_int":123,"col_intunsigned":123456,"col_mediumint":1717881,"col_mediumintunsigned":16777215,"col_smallint":32767,"col_smallintunsigned":65535,"col_tinyint":127,"col_tinyintunsigned":255,"col_decimal":18,"col_decimalunsigned":57118,"col_numeric":11994255,"col_numericunsigned":9192,"col_float":11991.6,"col_floatunsigned":98798.6,"col_double":1881.881,"col_doubleunsigned":8181818.98798,"col_bool":0,"col_char32":"A string","col_varchar32":"A varchar string","col_null":null}
{"col_bigintunsigned":1234567,"col_int":123,"col_intunsigned":123456,"col_mediumint":1717881,"col_mediumintunsigned":16777215,"col_smallint":32767,"col_smallintunsigned":65535,"col_tinyint":127,"col_tinyintunsigned":255,"col_decimal":18,"col_decimalunsigned":57118,"col_numeric":11994255,"col_numericunsigned":9192,"col_float":11991.6,"col_floatunsigned":98798.6,"col_double":1881.881,"col_doubleunsigned":8181818.98798,"col_bool":0,"col_char32":"A string","col_varchar32":"A varchar string","col_null":null}
{"col_bigintunsigned":1234567,"col_int":123,"col_intunsigned":123456,"col_mediumint":1717881,"col_mediumintunsigned":16777215,"col_smallint":32767,"col_smallintunsigned":65535,"col_tinyint":127,"col_tinyintunsigned":255,"col_decimal":18,"col_decimalunsigned":57118,"col_numeric":11994255,"col_numericunsigned":9192,"col_float":11991.6,"col_floatunsigned":98798.6,"col_double":1881.881,"col_doubleunsigned":8181818.98798,"col_bool":0,"col_char32":"A string","col_varchar32":"A varchar string","col_null":null}
{"col_bigintunsigned":1234567,"col_int":123,"col_intunsigned":123456,"col_mediumint":1717881,"col_mediumintunsigned":16777215,"col_smallint":32767,"col_smallintunsigned":65535,"col_tinyint":127,"col_tinyintunsigned":255,"col_decimal":18,"col_decimalunsigned":57118,"col_numeric":11994255,"col_numericunsigned":9192,"col_float":11991.6,"col_floatunsigned":98798.6,"col_double":1881.881,"col_doubleunsigned":8181818.98798,"col_bool":0,"col_char32":"A string","col_varchar32":"A varchar string","col_null":null}
{"col_bigintunsigned":1234567,"col_int":123,"col_intunsigned":123456,"col_mediumint":1717881,"col_mediumintunsigned":16777215,"col_smallint":32767,"col_smallintunsigned":65535,"col_tinyint":127,"col_tinyintunsigned":255,"col_decimal":18,"col_decimalunsigned":57118,"col_numeric":11994255,"col_numericunsigned":9192,"col_float":11991.6,"col_floatunsigned":98798.6,"col_double":1881.881,"col_doubleunsigned":8181818.98798,"col_bool":0,"col_char32":"A string","col_varchar32":"A varchar string","col_null":null}
{"col_bigintunsigned":1234567,"col_int":123,"col_intunsigned":123456,"col_mediumint":1717881,"col_mediumintunsigned":16777215,"col_smallint":32767,"col_smallintunsigned":65535,"col_tinyint":127,"col_tinyintunsigned":255,"col_decimal":18,"col_decimalunsigned":57118,"col_numeric":11994255,"col_numericunsigned":9192,"col_float":11991.6,"col_floatunsigned":98798.6,"col_double":1881.881,"col_doubleunsigned":8181818.98798,"col_bool":0,"col_char32":"A string","col_varchar32":"A varchar string","col_null":null}
{"col_bigintunsigned":1234567,"col_int":123,"col_intunsigned":123456,"col_mediumint":1717881,"col_mediumintunsigned":16777215,"col_smallint":32767,"col_smallintunsigned":65535,"col_tinyint":127,"col_tinyintunsigned":255,"col_decimal":18,"col_decimalunsigned":57118,"col_numeric":11994255,"col_numericunsigned":9192,"col_float":11991.6,"col_floatunsigned":98798.6,"col_double":1881.881,"col_doubleunsigned":8181818.98798,"col_bool":0,"col_char32":"A string","col_varchar32":"A varchar string","col_null":null}
{"col_bigintunsigned":1234567,"col_int":123,"col_intunsigned":123456,"col_mediumint":1717881,"col_mediumintunsigned":16777215,"col_smallint":32767,"col_smallintunsigned":65535,"col_tinyint":127,"col_tinyintunsigned":255,"col_decimal":18,"col_decimalunsigned":57118,"col_numeric":11994255,"col_numericunsigned":9192,"col_float":11991.6,"col_floatunsigned":98798.6,"col_double":1881.881,"col_doubleunsigned":8181818.98798,"col_bool":0,"col_char32":"A string","col_varchar32":"A varchar string","col_null":null}
{"col_bigintunsigned":1234567,"col_int":123,"col_intunsigned":123456,"col_mediumint":1717881,"col_mediumintunsigned":16777215,"col_smallint":32767,"col_smallintunsigned":65535,"col_tinyint":127,"col_tinyintunsigned":255,"col_decimal":18,"col_decimalunsigned":57118,"col_numeric":11994255,"col_numericunsigned":9192,"col_float":11991.6,"col_floatunsigned":98798.6,"col_double":1881.881,"col_doubleunsigned":8181818.98798,"col_bool":0,"col_char32":"A string","col_varchar32":"A varchar string","col_null":null}
{"col_bigintunsigned":1234567,"col_int":123,"col_intunsigned":123456,"col_mediumint":1717881,"col_mediumintunsigned":16777215,"col_smallint":32767,"col_smallintunsigned":65535,"col_tinyint":127,"col_tinyintunsigned":255,"col_decimal":18,"col_decimalunsigned":57118,"col_numeric":11994255,"col_numericunsigned":9192,"col_float":11991.6,"col_floatunsigned":98798.6,"col_double":1881.881,"col_doubleunsigned":8181818.98798,"col_bool":0,"col_char32":"A string","col_varchar32":"A varchar string","col_null":null}
{"col_bigintunsigned":1234567,"col_int":123,"col_intunsigned":123456,"col_mediumint":1717881,"col_mediumintunsigned":16777215,"col_smallint":32767,"col_smallintunsigned":65535,"col_tinyint":127,"col_tinyintunsigned":255,"col_decimal":18,"col_decimalunsigned":57118,"col_numeric":11994255,"col_numericunsigned":9192,"col_float":11991.6,"col_floatunsigned":98798.6,"col_double":1881.881,"col_doubleunsigned":8181818.98798,"col_bool":0,"col_char32":"A string","col_varchar32":"A varchar string","col_null":null}
{"col_bigintunsigned":1234567,"col_int":123,"col_intunsigned":123456,"col_mediumint":1717881,"col_mediumintunsigned":16777215,"col_smallint":32767,"col_smallintunsigned":65535,"col_tinyint":127,"col_tinyintunsigned":255,"col_decimal":18,"col_decimalunsigned":57118,"col_numeric":11994255,"col_numericunsigned":9192,"col_float":11991.6,"col_floatunsigned":98798.6,"col_double":1881.881,"col_doubleunsigned":8181818.98798,"col_bool":0,"col_char32":"A string","col_varchar32":"A varchar string","col_null":null}
{"col_bigintunsigned":1234567,"col_int":123,"col_intunsigned":123456,"col_mediumint":1717881,"col_mediumintunsigned":16777215,"col_smallint":32767,"col_smallintunsigned":65535,"col_tinyint":127,"col_tinyintunsigned":255,"col_decimal":18,"col_decimalunsigned":57118,"col_numeric":11994255,"col_numericunsigned":9192,"col_float":11991.6,"col_floatunsigned":98798.6,"col_double":1881.881,"col_doubleunsigned":8181818.98798,"col_bool":0,"col_char32":"A string","col_varchar32":"A varchar string","col_null":null}
{"col_bigintunsigned":1234567,"col_int":123,"col_intunsigned":123456,"col_mediumint":1717881,"col_mediumintunsigned":16777215,"col_smallint":32767,"col_smallintunsigned":65535,"col_tinyint":127,"col_tinyintunsigned":255,"col_decimal":18,"col_decimalunsigned":57118,"col_numeric":11994255,"col_numericunsigned":9192,"col_float":11991.6,"col_floatunsigned":98798.6,"col_double":1881.881,"col_doubleunsigned":8181818.98798,"col_bool":0,"col_char32":"A string","col_varchar32":"A varchar string","col_null":null}
{"col_bigintunsigned":1234567,"col_int":123,"col_intunsigned":123456,"col_mediumint":1717881,"col_mediumintunsigned":16777215,"col_smallint":32767,"col_smallintunsigned":65535,"col_tinyint":127,"col_tinyintunsigned":255,"col_decimal":18,"col_decimalunsigned":57118,"col_numeric":11994255,"col_numericunsigned":9192,"col_float":11991.6,"col_floatunsigned":98798.6,"col_double":1881.881,"col_doubleunsigned":8181818.98798,"col_bool":0,"col_char32":"A string","col_varchar32":"A varchar string","col_null":null}
{"col_bigintunsigned":1234567,"col_int":123,"col_intunsigned":123456,"col_mediumint":1717881,"col_mediumintunsigned":16777215,"col_smallint":32767,"col_smallintunsigned":65535,"col_tinyint":127,"col_tinyintunsigned":255,"col_decimal":18,"col_decimalunsigned":57118,"col_numeric":11994255,"col_numericunsigned":9192,"col_float":11991.6,"col_floatunsigned":98798.6,"col_double":1881.881,"col_doubleunsigned":8181818.98798,"col_bool":0,"col_char32":"A string","col_varchar32":"A varchar string","col_null":null}
{"col_bigintunsigned":1234567,"col_int":123,"col_intunsigned":123456,"col_mediumint":1717881,"col_mediumintunsigned":16777215,"col_smallint":32767,"col_smallintunsigned":65535,"col_tinyint":127,"col_tinyintunsigned":255,"col_decimal":18,"col_decimalunsigned":57118,"col_numeric":11994255,"col_numericunsigned":9192,"col_float":11991.6,"col_floatunsigned":98798.6,"col_double":1881.881,"col_doubleunsigned":8181818.98798,"col_bool":0,"col_char32":"A string","col_varchar32":"A varchar string","col_null":null}
{"col_bigintunsigned":1234567,"col_int":123,"col_intunsigned":123456,"col_mediumint":1717881,"col_mediumintunsigned":16777215,"col_smallint":32767,"col_smallintunsigned":65535,"col_tinyint":127,"col_tinyintunsigned":255,"col_decimal":18,"col_decimalunsigned":57118,"col_numeric":11994255,"col_numericunsigned":9192,"col_float":11991.6,"col_floatunsigned":98798.6,"col_double":1881.881,"col_doubleunsigned":8181818.98798,"col_bool":0,"col_char32":"A string","col_varchar32":"A varchar string","col_null":null}
{"col_bigintunsigned":1234567,"col_int":123,"col_intunsigned":123456,"col_mediumint":1717881,"col_mediumintunsigned":16777215,"col_smallint":32767,"col_smallintunsigned":65535,"col_tinyint":127,"col_tinyintunsigned":255,"col_decimal":18,"col_decimalunsigned":57118,"col_numeric":11994255,"col_numericunsigned":9192,"col_float":11991.6,"col_floatunsigned":98798.6,"col_double":1881.881,"col_doubleunsigned":8181818.98798,"col_bool":0,"col_char32":"A string","col_varchar32":"A varchar string","col_null":null}
{"col_bigintunsigned":1234567,"col_int":123,"col_intunsigned":123456,"col_mediumint":1717881,"col_mediumintunsigned":16777215,"col_smallint":32767,"col_smallintunsigned":65535,"col_tinyint":127,"col_tinyintunsigned":255,"col_decimal":18,"col_decimalunsigned":57118,"col_numeric":11994255,"col_numericunsigned":9192,"col_float":11991.6,"col_floatunsigned":98798.6,"col_double":1881.881,"col_doubleunsigned":8181818.98798,"col_bool":0,"col_char32":"A string","col_varchar32":"A varchar string","col_null":null}
{"col_bigintunsigned":1234567,"col_int":123,"col_intunsigned":123456,"col_mediumint":1717881,"col_mediumintunsigned":16777215,"col_smallint":32767,"col_smallintunsigned":65535,"col_tinyint":127,"col_tinyintunsigned":255,"col_decimal":18,"col_decimalunsigned":57118,"col_numeric":11994255,"col_numericunsigned":9192,"col_float":11991.6,"col_floatunsigned":98798.6,"col_double":1881.881,"col_doubleunsigned":8181818.98798,"col_bool":0,"col_char32":"A string","col_varchar32":"A varchar string","col_null":null}
{"col_bigintunsigned":1234567,"col_int":123,"col_intunsigned":123456,"col_mediumint":1717881,"col_mediumintunsigned":16777215,"col_smallint":32767,"col_smallintunsigned":65535,"col_tinyint":127,"col_tinyintunsigned":255,"col_decimal":18,"col_decimalunsigned":57118,"col_numeric":11994255,"col_numericunsigned":9192,"col_float":11991.6,"col_floatunsigned":98798.6,"col_double":1881.881,"col_doubleunsigned":8181818.98798,"col_bool":0,"col_char32":"A string","col_varchar32":"A varchar string","col_null":null}
{"col_bigintunsigned":1234567,"col_int":123,"col_intunsigned":123456,"col_mediumint":1717881,"col_mediumintunsigned":16777215,"col_smallint":32767,"col_smallintunsigned":65535,"col_tinyint":127,"col_tinyintunsigned":255,"col_decimal":18,"col_decimalunsigned":57118,"col_numeric":11994255,"col_numericunsigned":9192,"col_float":11991.6,"col_floatunsigned":98798.6,"col_double":1881.881,"col_doubleunsigned":8181818.98798,"col_bool":0,"col_char32":"A string","col_varchar32":"A varchar string","col_null":null}
{"col_bigintunsigned":1234567,"col_int":123,"col_intunsigned":123456,"col_mediumint":1717881,"col_mediumintunsigned":16777215,"col_smallint":32767,"col_smallintunsigned":65535,"col_tinyint":127,"col_tinyintunsigned":255,"col_decimal":18,"col_decimalunsigned":57118,"col_numeric":11994255,"col_numericunsigned":9192,"col_float":11991.6,"col_floatunsigned":98798.6,"col_double":1881.881,"col_doubleunsigned":8181818.98798,"col_bool":0,"col_char32":"A string","col_varchar32":"A varchar string","col_null":null}
{"col_bigintunsigned":1234567,"col_int":123,"col_intunsigned":123456,"col_mediumint":1717881,"col_mediumintunsigned":16777215,"col_smallint":32767,"col_smallintunsigned":65535,"col_tinyint":127,"col_tinyintunsigned":255,"col_decimal":18,"col_decimalunsigned":57118,"col_numeric":11994255,"col_numericunsigned":9192,"col_float":11991.6,"col_floatunsigned":98798.6,"col_double":1881.881,"col_doubleunsigned":8181818.98798,"col_bool":0,"col_char32":"A string","col_varchar32":"A varchar string","col_null":null}
{"col_bigintunsigned":1234567,"col_int":123,"col_intunsigned":123456,"col_mediumint":1717881,"col_mediumintunsigned":16777215,"col_smallint":32767,"col_smallintunsigned":65535,"col_tinyint":127,"col_tinyintunsigned":255,"col_decimal":18,"col_decimalunsigned":57118,"col_numeric":11994255,"col_numericunsigned":9192,"col_float":11991.6,"col_floatunsigned":98798.6,"col_double":1881.881,"col_doubleunsigned":8181818.98798,"col_bool":0,"col_char32":"A string","col_varchar32":"A varchar string","col_null":null}
{"col_bigintunsigned":1234567,"col_int":123,"col_intunsigned":123456,"col_mediumint":1717881,"col_mediumintunsigned":16777215,"col_smallint":32767,"col_smallintunsigned":65535,"col_tinyint":127,"col_tinyintunsigned":255,"col_decimal":18,"col_decimalunsigned":57118,"col_numeric":11994255,"col_numericunsigned":9192,"col_float":11991.6,"col_floatunsigned":98798.6,"col_double":1881.881,"col_doubleunsigned":8181818.98798,"col_bool":0,"col_char32":"A string","col_varchar32":"A varchar string","col_null":null}
{"col_bigintunsigned":1234567,"col_int":123,"col_intunsigned":123456,"col_mediumint":1717881,"col_mediumintunsigned":16777215,"col_smallint":32767,"col_smallintunsigned":65535,"col_tinyint":127,"col_tinyintunsigned":255,"col_decimal":18,"col_decimalunsigned":57118,"col_numeric":11994255,"col_numericunsigned":9192,"col_float":11991.6,"col_floatunsigned":98798.6,"col_double":1881.881,"col_doubleunsigned":8181818.98798,"col_bool":0,"col_char32":"A string","col_varchar32":"A varchar string","col_null":null}
{"col_bigintunsigned":1234567,"col_int":123,"col_intunsigned":123456,"col_mediumint":1717881,"col_mediumintunsigned":16777215,"col_smallint":32767,"col_smallintunsigned":65535,"col_tinyint":127,"col_tinyintunsigned":255,"col_decimal":18,"col_decimalunsigned":57118,"col_numeric":11994255,"col_numericunsigned":9192,"col_float":11991.6,"col_floatunsigned":98798.6,"col_double":1881.881,"col_doubleunsigned":8181818.98798,"col_bool":0,"col_char32":"A string","col_varchar32":"A varchar string","col_null":null}
{"col_bigintunsigned":1234567,"col_int":123,"col_intunsigned":123456,"col_mediumint":1717881,"col_mediumintunsigned":16777215,"col_smallint":32767,"col_smallintunsigned":65535,"col_tinyint":127,"col_tinyintunsigned":255,"col_decimal":18,"col_decimalunsigned":57118,"col_numeric":11994255,"col_numericunsigned":9192,"col_float":11991.6,"col_floatunsigned":98798.6,"col_double":1881.881,"col_doubleunsigned":8181818.98798,"col_bool":0,"col_char32":"A string","col_varchar32":"A varchar string","col_null":null}
{"col_bigintunsigned":1234567,"col_int":123,"col_intunsigned":123456,"col_mediumint":1717881,"col_mediumintunsigned":16777215,"col_smallint":32767,"col_smallintunsigned":65535,"col_tinyint":127,"col_tinyintunsigned":255,"col_decimal":18,"col_decimalunsigned":57118,"col_numeric":11994255,"col_numericunsigned":9192,"col_float":11991.6,"col_floatunsigned":98798.6,"col_double":1881.881,"col_doubleunsigned":8181818.98798,"col_bool":0,"col_char32":"A string","col_varchar32":"A varchar string","col_null":null}
{"col_bigintunsigned":1234567,"col_int":123,"col_intunsigned":123456,"col_mediumint":1717881,"col_mediumintunsigned":16777215,"col_smallint":32767,"col_smallintunsigned":65535,"col_tinyint":127,"col_tinyintunsigned":255,"col_decimal":18,"col_decimalunsigned":57118,"col_numeric":11994255,"col_numericunsigned":9192,"col_float":11991.6,"col_floatunsigned":98798.6,"col_double":1881.881,"col_doubleunsigned":8181818.98798,"col_bool":0,"col_char32":"A string","col_varchar32":"A varchar string","col_null":null}
{"col_bigintunsigned":1234567,"col_int":123,"col_intunsigned":123456,"col_mediumint":1717881,"col_mediumintunsigned":16777215,"col_smallint":32767,"col_smallintunsigned":65535,"col_tinyint":127,"col_tinyintunsigned":255,"col_decimal":18,"col_decimalunsigned":57118,"col_numeric":11994255,"col_numericunsigned":9192,"col_float":11991.6,"col_floatunsigned":98798.6,"col_double":1881.881,"col_doubleunsigned":8181818.98798,"col_bool":0,"col_char32":"A string","col_varchar32":"A varchar string","col_null":null}
{"col_bigintunsigned":1234567,"col_int":123,"col_intunsigned":123456,"col_mediumint":1717881,"col_mediumintunsigned":16777215,"col_smallint":32767,"col_smallintunsigned":65535,"col_tinyint":127,"col_tinyintunsigned":255,"col_decimal":18,"col_decimalunsigned":57118,"col_numeric":11994255,"col_numericunsigned":9192,"col_float":11991.6,"col_floatunsigned":98798.6,"col_double":1881.881,"col_doubleunsigned":8181818.98798,"col_bool":0,"col_char32":"A string","col_varchar32":"A varchar string","col_null":null}
{"col_bigintunsigned":1234567,"col_int":123,"col_intunsigned":123456,"col_mediumint":1717881,"col_mediumintunsigned":16777215,"col_smallint":32767,"col_smallintunsigned":65535,"col_tinyint":127,"col_tinyintunsigned":255,"col_decimal":18,"col_decimalunsigned":57118,"col_numeric":11994255,"col_numericunsigned":9192,"col_float":11991.6,"col_floatunsigned":98798.6,"col_double":1881.881,"col_doubleunsigned":8181818.98798,"col_bool":0,"col_char32":"A string","col_varchar32":"A varchar string","col_null":null}
{"col_bigintunsigned":1234567,"col_int":123,"col_intunsigned":123456,"col_mediumint":1717881,"col_mediumintunsigned":16777215,"col_smallint":32767,"col_smallintunsigned":65535,"col_tinyint":127,"col_tinyintunsigned":255,"col_decimal":18,"col_decimalunsigned":57118,"col_numeric":11994255,"col_numericunsigned":9192,"col_float":11991.6,"col_floatunsigned":98798.6,"col_double":1881.881,"col_doubleunsigned":8181818.98798,"col_bool":0,"col_char32":"A string","col_varchar32":"A varchar string","col_null":null}
{"col_bigintunsigned":1234567,"col_int":123,"col_intunsigned":123456,"col_mediumint":1717881,"col_mediumintunsigned":16777215,"col_smallint":32767,"col_smallintunsigned":65535,"col_tinyint":127,"col_tinyintunsigned":255,"col_decimal":18,"col_decimalunsigned":57118,"col_numeric":11994255,"col_numericunsigned":9192,"col_float":11991.6,"col_floatunsigned":98798.6,"col_double":1881.881,"col_doubleunsigned":8181818.98798,"col_bool":0,"col_char32":"A string","col_varchar32":"A varchar string","col_null":null}
{"col_bigintunsigned":1234567,"col_int":123,"col_intunsigned":123456,"col_mediumint":1717881,"col_mediumintunsigned":16777215,"col_smallint":32767,"col_smallintunsigned":65535,"col_tinyint":127,"col_tinyintunsigned":255,"col_decimal":18,"col_decimalunsigned":57118,"col_numeric":11994255,"col_numericunsigned":9192,"col_float":11991.6,"col_floatunsigned":98798.6,"col_double":1881.881,"col_doubleunsigned":8181818.98798,"col_bool":0,"col_char32":"A string","col_varchar32":"A varchar string","col_null":null}
{"col_bigintunsigned":1234567,"col_int":123,"col_intunsigned":123456,"col_mediumint":1717881,"col_mediumintunsigned":16777215,"col_smallint":32767,"col_smallintunsigned":65535,"col_tinyint":127,"col_tinyintunsigned":255,"col_decimal":18,"col_decimalunsigned":57118,"col_numeric":11994255,"col_numericunsigned":9192,"col_float":11991.6,"col_floatunsigned":98798.6,"col_double":1881.881,"col_doubleunsigned":8181818.98798,"col_bool":0,"col_char32":"A string","col_varchar32":"A varchar string","col_null":null}
{"col_bigintunsigned":1234567,"col_int":123,"col_intunsigned":123456,"col_mediumint":1717881,"col_mediumintunsigned":16777215,"col_smallint":32767,"col_smallintunsigned":65535,"col_tinyint":127,"col_tinyintunsigned":255,"col_decimal":18,"col_decimalunsigned":57118,"col_numeric":11994255,"col_numericunsigned":9192,"col_float":11991.6,"col_floatunsigned":98798.6,"col_double":1881.881,"col_doubleunsigned":8181818.98798,"col_bool":0,"col_char32":"A string","col_varchar32":"A varchar string","col_null":null}
{"col_bigintunsigned":1234567,"col_int":123,"col_intunsigned":123456,"col_mediumint":1717881,"col_mediumintunsigned":16777215,"col_smallint":32767,"col_smallintunsigned":65535,"col_tinyint":127,"col_tinyintunsigned":255,"col_decimal":18,"col_decimalunsigned":57118,"col_numeric":11994255,"col_numericunsigned":9192,"col_float":11991.6,"col_floatunsigned":98798.6,"col_double":1881.881,"col_doubleunsigned":8181818.98798,"col_bool":0,"col_char32":"A string","col_varchar32":"A varchar string","col_null":null}
{"col_bigintunsigned":1234567,"col_int":123,"col_intunsigned":123456,"col_mediumint":1717881,"col_mediumintunsigned":16777215,"col_smallint":32767,"col_smallintunsigned":65535,"col_tinyint":127,"col_tinyintunsigned":255,"col_decimal":18,"col_decimalunsigned":57118,"col_numeric":11994255,"col_numericunsigned":9192,"col_float":11991.6,"col_floatunsigned":98798.6,"col_double":1881.881,"col_doubleunsigned":8181818.98798,"col_bool":0,"col_char32":"A string","col_varchar32":"A varchar string","col_null":null}
{"col_bigintunsigned":1234567,"col_int":123,"col_intunsigned":123456,"col_mediumint":1717881,"col_mediumintunsigned":16777215,"col_smallint":32767,"col_smallintunsigned":65535,"col_tinyint":127,"col_tinyintunsigned":255,"col_decimal":18,"col_decimalunsigned":57118,"col_numeric":11994255,"col_numericunsigned":9192,"col_float":11991.6,"col_floatunsigned":98798.6,"col_double":1881.881,"col_doubleunsigned":8181818.98798,"col_bool":0,"col_char32":"A string","col_varchar32":"A varchar string","col_null":null}
{"col_bigintunsigned":1234567,"col_int":123,"col_intunsigned":123456,"col_mediumint":1717881,"col_mediumintunsigned":16777215,"col_smallint":32767,"col_smallintunsigned":65535,"col_tinyint":127,"col_tinyintunsigned":255,"col_decimal":18,"col_decimalunsigned":57118,"col_numeric":11994255,"col_numericunsigned":9192,"col_float":11991.6,"col_floatunsigned":98798.6,"col_double":1881.881,"col_doubleunsigned":8181818.98798,"col_bool":0,"col_char32":"A string","col_varchar32":"A varchar string","col_null":null}
{"col_bigintunsigned":1234567,"col_int":123,"col_intunsigned":123456,"col_mediumint":1717881,"col_mediumintunsigned":16777215,"col_smallint":32767,"col_smallintunsigned":65535,"col_tinyint":127,"col_tinyintunsigned":255,"col_decimal":18,"col_decimalunsigned":57118,"col_numeric":11994255,"col_numericunsigned":9192,"col_float":11991.6,"col_floatunsigned":98798.6,"col_double":1881.881,"col_doubleunsigned":8181818.98798,"col_bool":0,"col_char32":"A string","col_varchar32":"A varchar string","col_null":null}
{"col_bigintunsigned":1234567,"col_int":123,"col_intunsigned":123456,"col_mediumint":1717881,"col_mediumintunsigned":16777215,"col_smallint":32767,"col_smallintunsigned":65535,"col_tinyint":127,"col_tinyintunsigned":255,"col_decimal":18,"col_decimalunsigned":57118,"col_numeric":11994255,"col_numericunsigned":9192,"col_float":11991.6,"col_floatunsigned":98798.6,"col_double":1881.881,"col_doubleunsigned":8181818.98798,"col_bool":0,"col_char32":"A string","col_varchar32":"A varchar string","col_null":null}
{"col_bigintunsigned":1234567,"col_int":123,"col_intunsigned":123456,"col_mediumint":1717881,"col_mediumintunsigned":16777215,"col_smallint":32767,"col_smallintunsigned":65535,"col_tinyint":127,"col_tinyintunsigned":255,"col_decimal":18,"col_decimalunsigned":57118,"col_numeric":11994255,"col_numericunsigned":9192,"col_float":11991.6,"col_floatunsigned":98798.6,"col_double":1881.881,"col_doubleunsigned":8181818.98798,"col_bool":0,"col_char32":"A string","col_varchar32":"A varchar string","col_null":null}
{"col_bigintunsigned":1234567,"col_int":123,"col_intunsigned":123456,"col_mediumint":1717881,"col_mediumintunsigned":16777215,"col_smallint":32767,"col_smallintunsigned":65535,"col_tinyint":127,"col_tinyintunsigned":255,"col_decimal":18,"col_decimalunsigned":57118,"col_numeric":11994255,"col_numericunsigned":9192,"col_float":11991.6,"col_floatunsigned":98798.6,"col_double":1881.881,"col_doubleunsigned":8181818.98798,"col_bool":0,"col_char32":"A string","col_varchar32":"A varchar string","col_null":null}
{"col_bigintunsigned":1234567,"col_int":123,"col_intunsigned":123456,"col_mediumint":1717881,"col_mediumintunsigned":16777215,"col_smallint":32767,"col_smallintunsigned":65535,"col_tinyint":127,"col_tinyintunsigned":255,"col_decimal":18,"col_decimalunsigned":57118,"col_numeric":11994255,"col_numericunsigned":9192,"col_float":11991.6,"col_floatunsigned":98798.6,"col_double":1881.881,"col_doubleunsigned":8181818.98798,"col_bool":0,"col_char32":"A string","col_varchar32":"A varchar string","col_null":null}
{"col_bigintunsigned":1234567,"col_int":123,"col_intunsigned":123456,"col_mediumint":1717881,"col_mediumintunsigned":16777215,"col_smallint":32767,"col_smallintunsigned":65535,"col_tinyint":127,"col_tinyintunsigned":255,"col_decimal":18,"col_decimalunsigned":57118,"col_numeric":11994255,"col_numericunsigned":9192,"col_float":11991.6,"col_floatunsigned":98798.6,"col_double":1881.881,"col_doubleunsigned":8181818.98798,"col_bool":0,"col_char32":"A string","col_varchar32":"A varchar string","col_null":null}
{"col_bigintunsigned":1234567,"col_int":123,"col_intunsigned":123456,"col_mediumint":1717881,"col_mediumintunsigned":16777215,"col_smallint":32767,"col_smallintunsigned":65535,"col_tinyint":127,"col_tinyintunsigned":255,"col_decimal":18,"col_decimalunsigned":57118,"col_numeric":11994255,"col_numericunsigned":9192,"col_float":11991.6,"col_floatunsigned":98798.6,"col_double":1881.881,"col_doubleunsigned":8181818.98798,"col_bool":0,"col_char32":"A string","col_varchar32":"A varchar string","col_null":null}
{"col_bigintunsigned":1234567,"col_int":123,"col_intunsigned":123456,"col_mediumint":1717881,"col_mediumintunsigned":16777215,"col_smallint":32767,"col_smallintunsigned":65535,"col_tinyint":127,"col_tinyintunsigned":255,"col_decimal":18,"col_decimalunsigned":57118,"col_numeric":11994255,"col_numericunsigned":9192,"col_float":11991.6,"col_floatunsigned":98798.6,"col_double":1881.881,"col_doubleunsigned":8181818.98798,"col_bool":0,"col_char32":"A string","col_varchar32":"A varchar string","col_null":null}
{"col_bigintunsigned":1234567,"col_int":123,"col_intunsigned":123456,"col_mediumint":1717881,"col_mediumintunsigned":16777215,"col_smallint":32767,"col_smallintunsigned":65535,"col_tinyint":127,"col_tinyintunsigned":255,"col_decimal":18,"col_decimalunsigned":57118,"col_numeric":11994255,"col_numericunsigned":9192,"col_float":11991.6,"col_floatunsigned":98798.6,"col_double":1881.881,"col_doubleunsigned":8181818.98798,"col_bool":0,"col_char32":"A string","col_varchar32":"A varchar string","col_null":null}
{"col_bigintunsigned":1234567,"col_int":123,"col_intunsigned":123456,"col_mediumint":1717881,"col_mediumintunsigned":16777215,"col_smallint":32767,"col_smallintunsigned":65535,"col_tinyint":127,"col_tinyintunsigned":255,"col_decimal":18,"col_decimalunsigned":57118,"col_numeric":11994255,"col_numericunsigned":9192,"col_float":11991.6,"col_floatunsigned":98798.6,"col_double":1881.881,"col_doubleunsigned":8181818.98798,"col_bool":0,"col_char32":"A string","col_varchar32":"A varchar string","col_null":null}
{"col_bigintunsigned":1234567,"col_int":123,"col_intunsigned":123456,"col_mediumint":1717881,"col_mediumintunsigned":16777215,"col_smallint":32767,"col_smallintunsigned":65535,"col_tinyint":127,"col_tinyintunsigned":255,"col_decimal":18,"col_decimalunsigned":57118,"col_numeric":11994255,"col_numericunsigned":9192,"col_float":11991.6,"col_floatunsigned":98798.6,"col_double":1881.881,"col_doubleunsigned":8181818.98798,"col_bool":0,"col_char32":"A string","col_varchar32":"A varchar string","col_null":null}
{"col_bigintunsigned":1234567,"col_int":123,"col_intunsigned":123456,"col_mediumint":1717881,"col_mediumintunsigned":16777215,"col_smallint":32767,"col_smallintunsigned":65535,"col_tinyint":127,"col_tinyintunsigned":255,"col_decimal":18,"col_decimalunsigned":57118,"col_numeric":11994255,"col_numericunsigned":9192,"col_float":11991.6,"col_floatunsigned":98798.6,"col_double":1881.881,"col_doubleunsigned":8181818.98798,"col_bool":0,"col_char32":"A string","col_varchar32":"A varchar string","col_null":null}
{"col_bigintunsigned":1234567,"col_int":123,"col_intunsigned":123456,"col_mediumint":1717881,"col_mediumintunsigned":16777215,"col_smallint":32767,"col_smallintunsigned":65535,"col_tinyint":127,"col_tinyintunsigned":255,"col_decimal":18,"col_decimalunsigned":57118,"col_numeric":11994255,"col_numericunsigned":9192,"col_float":11991.6,"col_floatunsigned":98798.6,"col_double":1881.881,"col_doubleunsigned":8181818.98798,"col_bool":0,"col_char32":"A string","col_varchar32":"A varchar string","col_null":null}
{"col_bigintunsigned":1234567,"col_int":123,"col_intunsigned":123456,"col_mediumint":1717881,"col_mediumintunsigned":16777215,"col_smallint":32767,"col_smallintunsigned":65535,"col_tinyint":127,"col_tinyintunsigned":255,"col_decimal":18,"col_decimalunsigned":57118,"col_numeric":11994255,"col_numericunsigned":9192,"col_float":11991.6,"col_floatunsigned":98798.6,"col_double":1881.881,"col_doubleunsigned":8181818.98798,"col_bool":0,"col_char32":"A string","col_varchar32":"A varchar string","col_null":null}
{"col_bigintunsigned":1234567,"col_int":123,"col_intunsigned":123456,"col_mediumint":1717881,"col_mediumintunsigned":16777215,"col_smallint":32767,"col_smallintunsigned":65535,"col_tinyint":127,"col_tinyintunsigned":255,"col_decimal":18,"col_decimalunsigned":57118,"col_numeric":11994255,"col_numericunsigned":9192,"col_float":11991.6,"col_floatunsigned":98798.6,"col_double":1881.881,"col_doubleunsigned":8181818.98798,"col_bool":0,"col_char32":"A string","col_varchar32":"A varchar string","col_null":null}
{"col_bigintunsigned":1234567,"col_int":123,"col_intunsigned":123456,"col_mediumint":1717881,"col_mediumintunsigned":16777215,"col_smallint":32767,"col_smallintunsigned":65535,"col_tinyint":127,"col_tinyintunsigned":255,"col_decimal":18,"col_decimalunsigned":57118,"col_numeric":11994255,"col_numericunsigned":9192,"col_float":11991.6,"col_floatunsigned":98798.6,"col_double":1881.881,"col_doubleunsigned":8181818.98798,"col_bool":0,"col_char32":"A string","col_varchar32":"A varchar string","col_null":null}
{"col_bigintunsigned":1234567,"col_int":123,"col_intunsigned":123456,"col_mediumint":1717881,"col_mediumintunsigned":16777215,"col_smallint":32767,"col_smallintunsigned":65535,"col_tinyint":127,"col_tinyintunsigned":255,"col_decimal":18,"col_decimalunsigned":57118,"col_numeric":11994255,"col_numericunsigned":9192,"col_float":11991.6,"col_floatunsigned":98798.6,"col_double":1881.881,"col_doubleunsigned":8181818.98798,"col_bool":0,"col_char32":"A string","col_varchar32":"A varchar string","col_null":null}
{"col_bigintunsigned":1234567,"col_int":123,"col_intunsigned":123456,"col_mediumint":1717881,"col_mediumintunsigned":16777215,"col_smallint":32767,"col_smallintunsigned":65535,"col_tinyint":127,"col_tinyintunsigned":255,"col_decimal":18,"col_decimalunsigned":57118,"col_numeric":11994255,"col_numericunsigned":9192,"col_float":11991.6,"col_floatunsigned":98798.6,"col_double":1881.881,"col_doubleunsigned":8181818.98798,"col_bool":0,"col_char32":"A string","col_varchar32":"A varchar string","col_null":null}
{"col_bigintunsigned":1234567,"col_int":123,"col_intunsigned":123456,"col_mediumint":1717881,"col_mediumintunsigned":16777215,"col_smallint":32767,"col_smallintunsigned":65535,"col_tinyint":127,"col_tinyintunsigned":255,"col_decimal":18,"col_decimalunsigned":57118,"col_numeric":11994255,"col_numericunsigned":9192,"col_float":11991.6,"col_floatunsigned":98798.6,"col_double":1881.881,"col_doubleunsigned":8181818.98798,"col_bool":0,"col_char32":"A string","col_varchar32":"A varchar string","col_null":null}
{"col_bigintunsigned":1234567,"col_int":123,"col_intunsigned":123456,"col_mediumint":1717881,"col_mediumintunsigned":16777215,"col_smallint":32767,"col_smallintunsigned":65535,"col_tinyint":127,"col_tinyintunsigned":255,"col_decimal":18,"col_decimalunsigned":57118,"col_numeric":11994255,"col_numericunsigned":9192,"col_float":11991.6,"col_floatunsigned":98798.6,"col_double":1881.881,"col_doubleunsigned":8181818.98798,"col_bool":0,"col_char32":"A string","col_varchar32":"A varchar string","col_null":null}
{"col_bigintunsigned":1234567,"col_int":123,"col_intunsigned":123456,"col_mediumint":1717881,"col_mediumintunsigned":16777215,"col_smallint":32767,"col_smallintunsigned":65535,"col_tinyint":127,"col_tinyintunsigned":255,"col_decimal":18,"col_decimalunsigned":57118,"col_numeric":11994255,"col_numericunsigned":9192,"col_float":11991.6,"col_floatunsigned":98798.6,"col_double":1881.881,"col_doubleunsigned":8181818.98798,"col_bool":0,"col_char32":"A string","col_varchar32":"A varchar string","col_null":null}
{"col_bigintunsigned":1234567,"col_int":123,"col_intunsigned":123456,"col_mediumint":1717881,"col_mediumintunsigned":16777215,"col_smallint":32767,"col_smallintunsigned":65535,"col_tinyint":127,"col_tinyintunsigned":255,"col_decimal":18,"col_decimalunsigned":57118,"col_numeric":11994255,"col_numericunsigned":9192,"col_float":11991.6,"col_floatunsigned":98798.6,"col_double":1881.881,"col_doubleunsigned":8181818.98798,"col_bool":0,"col_char32":"A string","col_varchar32":"A varchar string","col_null":null}
{"col_bigintunsigned":1234567,"col_int":123,"col_intunsigned":123456,"col_mediumint":1717881,"col_mediumintunsigned":16777215,"col_smallint":32767,"col_smallintunsigned":65535,"col_tinyint":127,"col_tinyintunsigned":255,"col_decimal":18,"col_decimalunsigned":57118,"col_numeric":11994255,"col_numericunsigned":9192,"col_float":11991.6,"col_floatunsigned":98798.6,"col_double":1881.881,"col_doubleunsigned":8181818.98798,"col_bool":0,"col_char32":"A string","col_varchar32":"A varchar string","col_null":null}
{"col_bigintunsigned":1234567,"col_int":123,"col_intunsigned":123456,"col_mediumint":1717881,"col_mediumintunsigned":16777215,"col_smallint":32767,"col_smallintunsigned":65535,"col_tinyint":127,"col_tinyintunsigned":255,"col_decimal":18,"col_decimalunsigned":57118,"col_numeric":11994255,"col_numericunsigned":9192,"col_float":11991.6,"col_floatunsigned":98798.6,"col_double":1881.881,"col_doubleunsigned":8181818.98798,"col_bool":0,"col_char32":"A string","col_varchar32":"A varchar string","col_null":null}
{"col_bigintunsigned":1234567,"col_int":123,"col_intunsigned":123456,"col_mediumint":1717881,"col_mediumintunsigned":16777215,"col_smallint":32767,"col_smallintunsigned":65535,"col_tinyint":127,"col_tinyintunsigned":255,"col_decimal":18,"col_decimalunsigned":57118,"col_numeric":11994255,"col_numericunsigned":9192,"col_float":11991.6,"col_floatunsigned":98798.6,"col_double":1881.881,"col_doubleunsigned":8181818.98798,"col_bool":0,"col_char32":"A string","col_varchar32":"A varchar string","col_null":null}
{"col_bigintunsigned":1234567,"col_int":123,"col_intunsigned":123456,"col_mediumint":1717881,"col_mediumintunsigned":16777215,"col_smallint":32767,"col_smallintunsigned":65535,"col_tinyint":127,"col_tinyintunsigned":255,"col_decimal":18,"col_decimalunsigned":57118,"col_numeric":11994255,"col_numericunsigned":9192,"col_float":11991.6,"col_floatunsigned":98798.6,"col_double":1881.881,"col_doubleunsigned":8181818.98798,"col_bool":0,"col_char32":"A string","col_varchar32":"A varchar string","col_null":null}
{"col_bigintunsigned":1234567,"col_int":123,"col_intunsigned":123456,"col_mediumint":1717881,"col_mediumintunsigned":16777215,"col_smallint":32767,"col_smallintunsigned":65535,"col_tinyint":127,"col_tinyintunsigned":255,"col_decimal":18,"col_decimalunsigned":57118,"col_numeric":11994255,"col_numericunsigned":9192,"col_float":11991.6,"col_floatunsigned":98798.6,"col_double":1881.881,"col_doubleunsigned":8181818.98798,"col_bool":0,"col_char32":"A string","col_varchar32":"A varchar string","col_null":null}
{"col_bigintunsigned":1234567,"col_int":123,"col_intunsigned":123456,"col_mediumint":1717881,"col_mediumintunsigned":16777215,"col_smallint":32767,"col_smallintunsigned":65535,"col_tinyint":127,"col_tinyintunsigned":255,"col_decimal":18,"col_decimalunsigned":57118,"col_numeric":11994255,"col_numericunsigned":9192,"col_float":11991.6,"col_floatunsigned":98798.6,"col_double":1881.881,"col_doubleunsigned":8181818.98798,"col_bool":0,"col_char32":"A string","col_varchar32":"A varchar string","col_null":null}
{"col_bigintunsigned":1234567,"col_int":123,"col_intunsigned":123456,"col_mediumint":1717881,"col_mediumintunsigned":16777215,"col_smallint":32767,"col_smallintunsigned":65535,"col_tinyint":127,"col_tinyintunsigned":255,"col_decimal":18,"col_decimalunsigned":57118,"col_numeric":11994255,"col_numericunsigned":9192,"col_float":11991.6,"col_floatunsigned":98798.6,"col_double":1881.881,"col_doubleunsigned":8181818.98798,"col_bool":0,"col_char32":"A string","col_varchar32":"A varchar string","col_null":null}
{"col_bigintunsigned":1234567,"col_int":123,"col_intunsigned":123456,"col_mediumint":1717881,"col_mediumintunsigned":16777215,"col_smallint":32767,"col_smallintunsigned":65535,"col_tinyint":127,"col_tinyintunsigned":255,"col_decimal":18,"col_decimalunsigned":57118,"col_numeric":11994255,"col_numericunsigned":9192,"col_float":11991.6,"col_floatunsigned":98798.6,"col_double":1881.881,"col_doubleunsigned":8181818.98798,"col_bool":0,"col_char32":"A string","col_varchar32":"A varchar string","col_null":null}
{"col_bigintunsigned":1234567,"col_int":123,"col_intunsigned":123456,"col_mediumint":1717881,"col_mediumintunsigned":16777215,"col_smallint":32767,"col_smallintunsigned":65535,"col_tinyint":127,"col_tinyintunsigned":255,"col_decimal":18,"col_decimalunsigned":57118,"col_numeric":11994255,"col_numericunsigned":9192,"col_float":11991.6,"col_floatunsigned":98798.6,"col_double":1881.881,"col_doubleunsigned":8181818.98798,"col_bool":0,"col_char32":"A string","col_varchar32":"A varchar string","col_null":null}
{"col_bigintunsigned":1234567,"col_int":123,"col_intunsigned":123456,"col_mediumint":1717881,"col_mediumintunsigned":16777215,"col_smallint":32767,"col_smallintunsigned":65535,"col_tinyint":127,"col_tinyintunsigned":255,"col_decimal":18,"col_decimalunsigned":57118,"col_numeric":11994255,"col_numericunsigned":9192,"col_float":11991.6,"col_floatunsigned":98798.6,"col_double":1881.881,"col_doubleunsigned":8181818.98798,"col_bool":0,"col_char32":"A string","col_varchar32":"A varchar string","col_null":null}
{"col_bigintunsigned":1234567,"col_int":123,"col_intunsigned":123456,"col_mediumint":1717881,"col_mediumintunsigned":16777215,"col_smallint":32767,"col_smallintunsigned":65535,"col_tinyint":127,"col_tinyintunsigned":255,"col_decimal":18,"col_decimalunsigned":57118,"col_numeric":11994255,"col_numericunsigned":9192,"col_float":11991.6,"col_floatunsigned":98798.6,"col_double":1881.881,"col_doubleunsigned":8181818.98798,"col_bool":0,"col_char32":"A string","col_varchar32":"A varchar string","col_null":null}
{"col_bigintunsigned":1234567,"col_int":123,"col_intunsigned":123456,"col_mediumint":1717881,"col_mediumintunsigned":16777215,"col_smallint":32767,"col_smallintunsigned":65535,"col_tinyint":127,"col_tinyintunsigned":255,"col_decimal":18,"col_decimalunsigned":57118,"col_numeric":11994255,"col_numericunsigned":9192,"col_float":11991.6,"col_floatunsigned":98798.6,"col_double":1881.881,"col_doubleunsigned":8181818.98798,"col_bool":0,"col_char32":"A string","col_varchar32":"A varchar string","col_null":null}
{"col_bigintunsigned":1234567,"col_int":123,"col_intunsigned":123456,"col_mediumint":1717881,"col_mediumintunsigned":16777215,"col_smallint":32767,"col_smallintunsigned":65535,"col_tinyint":127,"col_tinyintunsigned":255,"col_decimal":18,"col_decimalunsigned":57118,"col_numeric":11994255,"col_numericunsigned":9192,"col_float":11991.6,"col_floatunsigned":98798.6,"col_double":1881.881,"col_doubleunsigned":8181818.98798,"col_bool":0,"col_char32":"A string","col_varchar32":"A varchar string","col_null":null}
{"col_bigintunsigned":1234567,"col_int":123,"col_intunsigned":123456,"col_mediumint":1717881,"col_mediumintunsigned":16777215,"col_smallint":32767,"col_smallintunsigned":65535,"col_tinyint":127,"col_tinyintunsigned":255,"col_decimal":18,"col_decimalunsigned":57118,"col_numeric":11994255,"col_numericunsigned":9192,"col_float":11991.6,"col_floatunsigned":98798.6,"col_double":1881.881,"col_doubleunsigned":8181818.98798,"col_bool":0,"col_char32":"A string","col_varchar32":"A varchar string","col_null":null}
{"col_bigintunsigned":1234567,"col_int":123,"col_intunsigned":123456,"col_mediumint":1717881,"col_mediumintunsigned":16777215,"col_smallint":32767,"col_smallintunsigned":65535,"col_tinyint":127,"col_tinyintunsigned":255,"col_decimal":18,"col_decimalunsigned":57118,"col_numeric":11994255,"col_numericunsigned":9192,"col_float":11991.6,"col_floatunsigned":98798.6,"col_double":1881.881,"col_doubleunsigned":8181818.98798,"col_bool":0,"col_char32":"A string","col_varchar32":"A varchar string","col_null":null}
{"col_bigintunsigned":1234567,"col_int":123,"col_intunsigned":123456,"col_mediumint":1717881,"col_mediumintunsigned":16777215,"col_smallint":32767,"col_smallintunsigned":65535,"col_tinyint":127,"col_tinyintunsigned":255,"col_decimal":18,"col_decimalunsigned":57118,"col_numeric":11994255,"col_numericunsigned":9192,"col_float":11991.6,"col_floatunsigned":98798.6,"col_double":1881.881,"col_doubleunsigned":8181818.98798,"col_bool":0,"col_char32":"A string","col_varchar32":"A varchar string","col_null":null}
{"col_bigintunsigned":1234567,"col_int":123,"col_intunsigned":123456,"col_mediumint":1717881,"col_mediumintunsigned":16777215,"col_smallint":32767,"col_smallintunsigned":65535,"col_tinyint":127,"col_tinyintunsigned":255,"col_decimal":18,"col_decimalunsigned":57118,"col_numeric":11994255,"col_numericunsigned":9192,"col_float":11991.6,"col_floatunsigned":98798.6,"col_double":1881.881,"col_doubleunsigned":8181818.98798,"col_bool":0,"col_char32":"A string","col_varchar32":"A varchar string","col_null":null}
{"col_bigintunsigned":1234567,"col_int":123,"col_intunsigned":123456,"col_mediumint":1717881,"col_mediumintunsigned":16777215,"col_smallint":32767,"col_smallintunsigned":65535,"col_tinyint":127,"col_tinyintunsigned":255,"col_decimal":18,"col_decimalunsigned":57118,"col_numeric":11994255,"col_numericunsigned":9192,"col_float":11991.6,"col_floatunsigned":98798.6,"col_double":1881.881,"col_doubleunsigned":8181818.98798,"col_bool":0,"col_char32":"A string","col_varchar32":"A varchar string","col_null":null}
{"col_bigintunsigned":1234567,"col_int":123,"col_intunsigned":123456,"col_mediumint":1717881,"col_mediumintunsigned":16777215,"col_smallint":32767,"col_smallintunsigned":65535,"col_tinyint":127,"col_tinyintunsigned":255,"col_decimal":18,"col_decimalunsigned":57118,"col_numeric":11994255,"col_numericunsigned":9192,"col_float":11991.6,"col_floatunsigned":98798.6,"col_double":1881.881,"col_doubleunsigned":8181818.98798,"col_bool":0,"col_char32":"A string","col_varchar32":"A varchar string","col_null":null}
{"col_bigintunsigned":1234567,"col_int":123,"col_intunsigned":123456,"col_mediumint":1717881,"col_mediumintunsigned":16777215,"col_smallint":32767,"col_smallintunsigned":65535,"col_tinyint":127,"col_tinyintunsigned":255,"col_decimal":18,"col_decimalunsigned":57118,"col_numeric":11994255,"col_numericunsigned":9192,"col_float":11991.6,"col_floatunsigned":98798.6,"col_double":1881.881,"col_doubleunsigned":8181818.98798,"col_bool":0,"col_char32":"A string","col_varchar32":"A varchar string","col_null":null}
{"col_bigintunsigned":1234567,"col_int":123,"col_intunsigned":123456,"col_mediumint":1717881,"col_mediumintunsigned":16777215,"col_smallint":32767,"col_smallintunsigned":65535,"col_tinyint":127,"col_tinyintunsigned":255,"col_decimal":18,"col_decimalunsigned":57118,"col_numeric":11994255,"col_numericunsigned":9192,"col_float":11991.6,"col_floatunsigned":98798.6,"col_double":1881.881,"col_doubleunsigned":8181818.98798,"col_bool":0,"col_char32":"A string","col_varchar32":"A varchar string","col_null":null}
{"col_bigintunsigned":1234567,"col_int":123,"col_intunsigned":123456,"col_mediumint":1717881,"col_mediumintunsigned":16777215,"col_smallint":32767,"col_smallintunsigned":65535,"col_tinyint":127,"col_tinyintunsigned":255,"col_decimal":18,"col_decimalunsigned":57118,"col_numeric":11994255,"col_numericunsigned":9192,"col_float":11991.6,"col_floatunsigned":98798.6,"col_double":1881.881,"col_doubleunsigned":8181818.98798,"col_bool":0,"col_char32":"A string","col_varchar32":"A varchar string","col_null":null}
{"col_bigintunsigned":1234567,"col_int":123,"col_intunsigned":123456,"col_mediumint":1717881,"col_mediumintunsigned":16777215,"col_smallint":32767,"col_smallintunsigned":65535,"col_tinyint":127,"col_tinyintunsigned":255,"col_decimal":18,"col_decimalunsigned":57118,"col_numeric":11994255,"col_numericunsigned":9192,"col_float":11991.6,"col_floatunsigned":98798.6,"col_double":1881.881,"col_doubleunsigned":8181818.98798,"col_bool":0,"col_char32":"A string","col_varchar32":"A varchar string","col_null":null}
{"col_bigintunsigned":1234567,"col_int":123,"col_intunsigned":123456,"col_mediumint":1717881,"col_mediumintunsigned":16777215,"col_smallint":32767,"col_smallintunsigned":65535,"col_tinyint":127,"col_tinyintunsigned":255,"col_decimal":18,"col_decimalunsigned":57118,"col_numeric":11994255,"col_numericunsigned":9192,"col_float":11991.6,"col_floatunsigned":98798.6,"col_double":1881.881,"col_doubleunsigned":8181818.98798,"col_bool":0,"col_char32":"A string","col_varchar32":"A varchar string","col_null":null}
{"col_bigintunsigned":1234567,"col_int":123,"col_intunsigned":123456,"col_mediumint":1717881,"col_mediumintunsigned":16777215,"col_smallint":32767,"col_smallintunsigned":65535,"col_tinyint":127,"col_tinyintunsigned":255,"col_decimal":18,"col_decimalunsigned":57118,"col_numeric":11994255,"col_numericunsigned":9192,"col_float":11991.6,"col_floatunsigned":98798.6,"col_double":1881.881,"col_doubleunsigned":8181818.98798,"col_bool":0,"col_char32":"A string","col_varchar32":"A varchar string","col_null":null}
{"col_bigintunsigned":1234567,"col_int":123,"col_intunsigned":123456,"col_mediumint":1717881,"col_mediumintunsigned":16777215,"col_smallint":32767,"col_smallintunsigned":65535,"col_tinyint":127,"col_tinyintunsigned":255,"col_decimal":18,"col_decimalunsigned":57118,"col_numeric":11994255,"col_numericunsigned":9192,"col_float":11991.6,"col_floatunsigned":98798.6,"col_double":1881.881,"col_doubleunsigned":8181818.98798,"col_bool":0,"col_char32":"A string","col_varchar32":"A varchar string","col_null":null}
{"col_bigintunsigned":1234567,"col_int":123,"col_intunsigned":123456,"col_mediumint":1717881,"col_mediumintunsigned":16777215,"col_smallint":32767,"col_smallintunsigned":65535,"col_tinyint":127,"col_tinyintunsigned":255,"col_decimal":18,"col_decimalunsigned":57118,"col_numeric":11994255,"col_numericunsigned":9192,"col_float":11991.6,"col_floatunsigned":98798.6,"col_double":1881.881,"col_doubleunsigned":8181818.98798,"col_bool":0,"col_char32":"A string","col_varchar32":"A varchar string","col_null":null}
{"col_bigintunsigned":1234567,"col_int":123,"col_intunsigned":123456,"col_mediumint":1717881,"col_mediumintunsigned":16777215,"col_smallint":32767,"col_smallintunsigned":65535,"col_tinyint":127,"col_tinyintunsigned":255,"col_decimal":18,"col_decimalunsigned":57118,"col_numeric":11994255,"col_numericunsigned":9192,"col_float":11991.6,"col_floatunsigned":98798.6,"col_double":1881.881,"col_doubleunsigned":8181818.98798,"col_bool":0,"col_char32":"A string","col_varchar32":"A varchar string","col_null":null}
{"col_bigintunsigned":1234567,"col_int":123,"col_intunsigned":123456,"col_mediumint":1717881,"col_mediumintunsigned":16777215,"col_smallint":32767,"col_smallintunsigned":65535,"col_tinyint":127,"col_tinyintunsigned":255,"col_decimal":18,"col_decimalunsigned":57118,"col_numeric":11994255,"col_numericunsigned":9192,"col_float":11991.6,"col_floatunsigned":98798.6,"col_double":1881.881,"col_doubleunsigned":8181818.98798,"col_bool":0,"col_char32":"A string","col_varchar32":"A varchar string","col_null":null}
{"col_bigintunsigned":1234567,"col_int":123,"col_intunsigned":123456,"col_mediumint":1717881,"col_mediumintunsigned":16777215,"col_smallint":32767,"col_smallintunsigned":65535,"col_tinyint":127,"col_tinyintunsigned":255,"col_decimal":18,"col_decimalunsigned":57118,"col_numeric":11994255,"col_numericunsigned":9192,"col_float":11991.6,"col_floatunsigned":98798.6,"col_double":1881.881,"col_doubleunsigned":8181818.98798,"col_bool":0,"col_char32":"A string","col_varchar32":"A varchar string","col_null":null}
{"col_bigintunsigned":1234567,"col_int":123,"col_intunsigned":123456,"col_mediumint":1717881,"col_mediumintunsigned":16777215,"col_smallint":32767,"col_smallintunsigned":65535,"col_tinyint":127,"col_tinyintunsigned":255,"col_decimal":18,"col_decimalunsigned":57118,"col_numeric":11994255,"col_numericunsigned":9192,"col_float":11991.6,"col_floatunsigned":98798.6,"col_double":1881.881,"col_doubleunsigned":8181818.98798,"col_bool":0,"col_char32":"A string","col_varchar32":"A varchar string","col_null":null}
{"col_bigintunsigned":1234567,"col_int":123,"col_intunsigned":123456,"col_mediumint":1717881,"col_mediumintunsigned":16777215,"col_smallint":32767,"col_smallintunsigned":65535,"col_tinyint":127,"col_tinyintunsigned":255,"col_decimal":18,"col_decimalunsigned":57118,"col_numeric":11994255,"col_numericunsigned":9192,"col_float":11991.6,"col_floatunsigned":98798.6,"col_double":1881.881,"col_doubleunsigned":8181818.98798,"col_bool":0,"col_char32":"A string","col_varchar32":"A varchar string","col_null":null}
{"col_bigintunsigned":1234567,"col_int":123,"col_intunsigned":123456,"col_mediumint":1717881,"col_mediumintunsigned":16777215,"col_smallint":32767,"col_smallintunsigned":65535,"col_tinyint":127,"col_tinyintunsigned":255,"col_decimal":18,"col_decimalunsigned":57118,"col_numeric":11994255,"col_numericunsigned":9192,"col_float":11991.6,"col_floatunsigned":98798.6,"col_double":1881.881,"col_doubleunsigned":8181818.98798,"col_bool":0,"col_char32":"A string","col_varchar32":"A varchar string","col_null":null}
{"col_bigintunsigned":1234567,"col_int":123,"col_intunsigned":123456,"col_mediumint":1717881,"col_mediumintunsigned":16777215,"col_smallint":32767,"col_smallintunsigned":65535,"col_tinyint":127,"col_tinyintunsigned":255,"col_decimal":18,"col_decimalunsigned":57118,"col_numeric":11994255,"col_numericunsigned":9192,"col_float":11991.6,"col_floatunsigned":98798.6,"col_double":1881.881,"col_doubleunsigned":8181818.98798,"col_bool":0,"col_char32":"A string","col_varchar32":"A varchar string","col_null":null}
{"col_bigintunsigned":1234567,"col_int":123,"col_intunsigned":123456,"col_mediumint":1717881,"col_mediumintunsigned":16777215,"col_smallint":32767,"col_smallintunsigned":65535,"col_tinyint":127,"col_tinyintunsigned":255,"col_decimal":18,"col_decimalunsigned":57118,"col_numeric":11994255,"col_numericunsigned":9192,"col_float":11991.6,"col_floatunsigned":98798.6,"col_double":1881.881,"col_doubleunsigned":8181818.98798,"col_bool":0,"col_char32":"A string","col_varchar32":"A varchar string","col_null":null}
{"col_bigintunsigned":1234567,"col_int":123,"col_intunsigned":123456,"col_mediumint":1717881,"col_mediumintunsigned":16777215,"col_smallint":32767,"col_smallintunsigned":65535,"col_tinyint":127,"col_tinyintunsigned":255,"col_decimal":18,"col_decimalunsigned":57118,"col_numeric":11994255,"col_numericunsigned":9192,"col_float":11991.6,"col_floatunsigned":98798.6,"col_double":1881.881,"col_doubleunsigned":8181818.98798,"col_bool":0,"col_char32":"A string","col_varchar32":"A varchar string","col_null":null}
{"col_bigintunsigned":1234567,"col_int":123,"col_intunsigned":123456,"col_mediumint":1717881,"col_mediumintunsigned":16777215,"col_smallint":32767,"col_smallintunsigned":65535,"col_tinyint":127,"col_tinyintunsigned":255,"col_decimal":18,"col_decimalunsigned":57118,"col_numeric":11994255,"col_numericunsigned":9192,"col_float":11991.6,"col_floatunsigned":98798.6,"col_double":1881.881,"col_doubleunsigned":8181818.98798,"col_bool":0,"col_char32":"A string","col_varchar32":"A varchar string","col_null":null}
{"col_bigintunsigned":1234567,"col_int":123,"col_intunsigned":123456,"col_mediumint":1717881,"col_mediumintunsigned":16777215,"col_smallint":32767,"col_smallintunsigned":65535,"col_tinyint":127,"col_tinyintunsigned":255,"col_decimal":18,"col_decimalunsigned":57118,"col_numeric":11994255,"col_numericunsigned":9192,"col_float":11991.6,"col_floatunsigned":98798.6,"col_double":1881.881,"col_doubleunsigned":8181818.98798,"col_bool":0,"col_char32":"A string","col_varchar32":"A varchar string","col_null":null}
